// Jest Snapshot v1, https://goo.gl/fbAQLP

exports[`<Badge /> Default should match snapshot 1`] = `
<span
  class="my-badge my-light-bg  "
>
  Content.
</span>
`;
