// Jest Snapshot v1, https://goo.gl/fbAQLP

exports[`<ListItem /> Default should match snapshot 1`] = `
<li
  class="my-listitem "
>
  Content
</li>
`;
