// Jest Snapshot v1, https://goo.gl/fbAQLP

exports[`<List /> Default should match snapshot 1`] = `
<ul
  class="my-list-v  "
>
  Content
</ul>
`;
