// Jest Snapshot v1, https://goo.gl/fbAQLP

exports[`<Time /> Default should match snapshot 1`] = `
<span
  class="my-time"
>
  11:22
</span>
`;
