// Jest Snapshot v1, https://goo.gl/fbAQLP

exports[`<Difference /> Neutral should match snapshot 1`] = `
<span
  class="my-badge my-light-bg  "
>
  <span
    class="my-difference-prefix"
  >
    H
  </span>
  <span
    class="my-difference-amount"
  >
    +0%
  </span>
</span>
`;
