// Jest Snapshot v1, https://goo.gl/fbAQLP

exports[`<TokenChart /> Default should match snapshot 1`] = `
<div
  class="w-100 h-100 "
  style="width:auto;height:auto"
>
  <article />
</div>
`;
