// Jest Snapshot v1, https://goo.gl/fbAQLP

exports[`<HeaderSession /> Authentified should match snapshot 1`] = `null`;

exports[`<HeaderSession /> Unauthentified should match snapshot 1`] = `null`;

exports[`<HeaderSession /> Uninitialized should match snapshot 1`] = `null`;
